Microsoft Windows [Version 10.0.22621.2134]
(c) Microsoft Corporation. All rights reserved.

C:\Program Files\MySQL\MySQL Server 8.0\bin>mysql -u shraddha -p
Enter password: ****
ERROR 1045 (28000): Access denied for user 'shraddha'@'localhost' (using password: YES)

C:\Program Files\MySQL\MySQL Server 8.0\bin>mysql -u Shraddha -p
Enter password: ****
Welcome to the MySQL monitor.  Commands end with ; or \g.
Your MySQL connection id is 20
Server version: 8.0.32 MySQL Community Server - GPL

Copyright (c) 2000, 2023, Oracle and/or its affiliates.

Oracle is a registered trademark of Oracle Corporation and/or its
affiliates. Other names may be trademarks of their respective
owners.

Type 'help;' or '\h' for help. Type '\c' to clear the current input statement.

mysql> exit
Bye

C:\Program Files\MySQL\MySQL Server 8.0\bin>mysql -u Shraddha -p
Enter password: ****
Welcome to the MySQL monitor.  Commands end with ; or \g.
Your MySQL connection id is 21
Server version: 8.0.32 MySQL Community Server - GPL

Copyright (c) 2000, 2023, Oracle and/or its affiliates.

Oracle is a registered trademark of Oracle Corporation and/or its
affiliates. Other names may be trademarks of their respective
owners.

Type 'help;' or '\h' for help. Type '\c' to clear the current input statement.

mysql> show dtabases;
ERROR 1064 (42000): You have an error in your SQL syntax; check the manual that corresponds to your MySQL server version for the right syntax to use near 'dtabases' at line 1
mysql> show databases;
+--------------------+
| Database           |
+--------------------+
| information_schema |
| performance_schema |
+--------------------+
2 rows in set (0.06 sec)

mysql> show databases;
+--------------------+
| Database           |
+--------------------+
| information_schema |
| performance_schema |
+--------------------+
2 rows in set (0.00 sec)

mysql> exit
Bye

C:\Program Files\MySQL\MySQL Server 8.0\bin>mysql -u Shraddha -p
Enter password: ****
Welcome to the MySQL monitor.  Commands end with ; or \g.
Your MySQL connection id is 22
Server version: 8.0.32 MySQL Community Server - GPL

Copyright (c) 2000, 2023, Oracle and/or its affiliates.

Oracle is a registered trademark of Oracle Corporation and/or its
affiliates. Other names may be trademarks of their respective
owners.

Type 'help;' or '\h' for help. Type '\c' to clear the current input statement.

mysql> show databases;
+--------------------+
| Database           |
+--------------------+
| 3pm                |
| aws                |
| awsbatch           |
| awsdemo            |
| bank               |
| bbb                |
| books              |
| cs                 |
| dd                 |
| dddd               |
| demo               |
| demo1              |
| demo23             |
| demodemo           |
| entity             |
| fueldemo           |
| fullstack          |
| fullstackdemo      |
| heena              |
| impact22           |
| impactjava         |
| information_schema |
| javademo           |
| mmmmm              |
| mysql              |
| mysqldemo          |
| performance_schema |
| proj               |
| project            |
| projectdemo        |
| sakila             |
| sp                 |
| stud               |
| student            |
| super20            |
| svce               |
| sys                |
| world              |
+--------------------+
38 rows in set (0.00 sec)

mysql> exit
Bye

C:\Program Files\MySQL\MySQL Server 8.0\bin>mysql -u Shraddha -p
Enter password: ****
Welcome to the MySQL monitor.  Commands end with ; or \g.
Your MySQL connection id is 25
Server version: 8.0.32 MySQL Community Server - GPL

Copyright (c) 2000, 2023, Oracle and/or its affiliates.

Oracle is a registered trademark of Oracle Corporation and/or its
affiliates. Other names may be trademarks of their respective
owners.

Type 'help;' or '\h' for help. Type '\c' to clear the current input statement.

mysql> show databases;
+--------------------+
| Database           |
+--------------------+
| 3pm                |
| aws                |
| awsbatch           |
| awsdemo            |
| bank               |
| bbb                |
| books              |
| cs                 |
| dd                 |
| dddd               |
| demo               |
| demo1              |
| demo23             |
| demodemo           |
| entity             |
| fueldemo           |
| fullstack          |
| fullstackdemo      |
| heena              |
| impact22           |
| impactjava         |
| information_schema |
| javademo           |
| mmmmm              |
| mysql              |
| mysqldemo          |
| performance_schema |
| proj               |
| project            |
| projectdemo        |
| sakila             |
| sp                 |
| stud               |
| student            |
| super20            |
| svce               |
| sys                |
| world              |
+--------------------+
38 rows in set (0.01 sec)

mysql> use stud;
Database changed
mysql> create table tblDemo(id int);
Query OK, 0 rows affected (0.10 sec)

mysql> exit
Bye

C:\Program Files\MySQL\MySQL Server 8.0\bin>mysql -u mahimahi -p
Enter password: ****
Welcome to the MySQL monitor.  Commands end with ; or \g.
Your MySQL connection id is 31
Server version: 8.0.32 MySQL Community Server - GPL

Copyright (c) 2000, 2023, Oracle and/or its affiliates.

Oracle is a registered trademark of Oracle Corporation and/or its
affiliates. Other names may be trademarks of their respective
owners.

Type 'help;' or '\h' for help. Type '\c' to clear the current input statement.

mysql> show databses;
ERROR 1064 (42000): You have an error in your SQL syntax; check the manual that corresponds to your MySQL server version for the right syntax to use near 'databses' at line 1
mysql> show databases;
+--------------------+
| Database           |
+--------------------+
| 3pm                |
| aws                |
| awsbatch           |
| awsdemo            |
| bank               |
| bbb                |
| books              |
| cs                 |
| dd                 |
| dddd               |
| demo               |
| demo1              |
| demo23             |
| demodemo           |
| entity             |
| fueldemo           |
| fullstack          |
| fullstackdemo      |
| heena              |
| impact22           |
| impactjava         |
| information_schema |
| javademo           |
| mmmmm              |
| mysql              |
| mysqldemo          |
| performance_schema |
| proj               |
| project            |
| projectdemo        |
| sakila             |
| sp                 |
| stud               |
| student            |
| super20            |
| svce               |
| sys                |
| world              |
+--------------------+
38 rows in set (0.00 sec)

mysql> create table demodemo1;
ERROR 1046 (3D000): No database selected
mysql> use stud;
Database changed
mysql> create table demodemo1(int id,name varchar(50));
ERROR 1064 (42000): You have an error in your SQL syntax; check the manual that corresponds to your MySQL server version for the right syntax to use near 'int id,name varchar(50))' at line 1
mysql> create table demodemo1( id int,name varchar(50));
Query OK, 0 rows affected (0.04 sec)

mysql> insert into demodemo1 values(1,'mahi');
ERROR 1142 (42000): INSERT command denied to user 'mahimahi'@'localhost' for table 'demodemo1'
mysql> select * from demodemo1;
Empty set (0.01 sec)

mysql> exit
Bye

C:\Program Files\MySQL\MySQL Server 8.0\bin>mysql -u mahimahi -p
Enter password: ****
Welcome to the MySQL monitor.  Commands end with ; or \g.
Your MySQL connection id is 32
Server version: 8.0.32 MySQL Community Server - GPL

Copyright (c) 2000, 2023, Oracle and/or its affiliates.

Oracle is a registered trademark of Oracle Corporation and/or its
affiliates. Other names may be trademarks of their respective
owners.

Type 'help;' or '\h' for help. Type '\c' to clear the current input statement.

mysql> use stud;
Database changed
mysql> create table demodemo1( id int,name varchar(50));
ERROR 1050 (42S01): Table 'demodemo1' already exists
mysql> insert into demodemo1 values(1,'mahi');
Query OK, 1 row affected (0.01 sec)

mysql> select * from demodemo1;
+------+------+
| id   | name |
+------+------+
|    1 | mahi |
+------+------+
1 row in set (0.00 sec)

mysql> exit;
Bye

C:\Program Files\MySQL\MySQL Server 8.0\bin>mysql -u mahimahi -p
Enter password: ****
ERROR 1045 (28000): Access denied for user 'mahimahi'@'localhost' (using password: YES)

C:\Program Files\MySQL\MySQL Server 8.0\bin>
